DRG_90_00000000712910.csv
store_id,upc_code,item_name,date,amount,quantity,unit_price,category,size,msu
90,00000000712910,SOURDOUGH BATARD,2015-07-13,22.5,6.0,3.75,,,1
90,00000000712910,SOURDOUGH BATARD,2015-07-14,11.25,3.0,3.75,,,1
90,00000000712910,SOURDOUGH BATARD,2015-07-15,11.25,3.0,3.75,,,1
90,00000000712910,SOURDOUGH BATARD,2015-07-16,11.25,3.0,3.75,,,1
90,00000000712910,SOURDOUGH BATARD,2015-07-17,11.25,3.0,3.75,,,1
90,00000000712910,SOURDOUGH BATARD,2015-07-18,15.0,4.0,3.75,,,1
90,00000000712910,SOURDOUGH BATARD,2015-07-19,7.5,2.0,3.75,,,1
90,00000000712910,SOURDOUGH BATARD,2015-07-20,15.0,4.0,3.75,,,1
90,00000000712910,SOURDOUGH BATARD,2015-07-21,7.5,2.0,3.75,,,1
90,00000000712910,SOURDOUGH BATARD,2015-07-22,15.0,4.0,3.75,,,1
90,00000000712910,SOURDOUGH BATARD,2015-07-23,15.0,4.0,3.75,,,1
90,00000000712910,SOURDOUGH BATARD,2015-07-24,22.5,6.0,3.75,,,1
90,00000000712910,SOURDOUGH BATARD,2015-07-25,15.0,4.0,3.75,,,1
90,00000000712910,SOURDOUGH BATARD,2015-07-26,22.5,6.0,3.75,,,1
90,00000000712910,SOURDOUGH BATARD,2015-07-28,11.25,3.0,3.75,,,1
90,00000000712910,SOURDOUGH BATARD,2015-07-29,11.25,3.0,3.75,,,1
90,00000000712910,SOURDOUGH BATARD,2015-07-30,18.75,5.0,3.75,,,1
90,00000000712910,SOURDOUGH BATARD,2015-07-31,11.25,3.0,3.75,,,1
90,00000000712910,SOURDOUGH BATARD,2015-08-01,30.0,8.0,3.75,,,1
90,00000000712910,SOURDOUGH BATARD,2015-08-02,18.75,5.0,3.75,,,1
90,00000000712910,SOURDOUGH BATARD,2015-08-03,7.5,2.0,3.75,,,1
90,00000000712910,SOURDOUGH BATARD,2015-08-04,18.75,5.0,3.75,,,1
90,00000000712910,SOURDOUGH BATARD,2015-08-05,30.0,8.0,3.75,,,1
90,00000000712910,SOURDOUGH BATARD,2015-08-06,15.0,4.0,3.75,,,1
90,00000000712910,SOURDOUGH BATARD,2015-08-07,26.25,7.0,3.75,,,1
90,00000000712910,SOURDOUGH BATARD,2015-08-08,26.25,7.0,3.75,,,1
90,00000000712910,SOURDOUGH BATARD,2015-08-09,30.0,8.0,3.75,,,1
90,00000000712910,SOURDOUGH BATARD,2015-08-10,7.5,2.0,3.75,,,1
90,00000000712910,SOURDOUGH BATARD,2015-08-11,18.75,5.0,3.75,,,1
90,00000000712910,SOURDOUGH BATARD,2015-08-12,15.0,4.0,3.75,,,1
90,00000000712910,SOURDOUGH BATARD,2015-08-13,18.75,5.0,3.75,,,1
90,00000000712910,SOURDOUGH BATARD,2015-08-14,3.75,1.0,3.75,,,1
90,00000000712910,SOURDOUGH BATARD,2015-08-15,22.5,6.0,3.75,,,1
90,00000000712910,SOURDOUGH BATARD,2015-08-16,30.0,8.0,3.75,,,1
90,00000000712910,SOURDOUGH BATARD,2015-08-17,11.25,3.0,3.75,,,1
90,00000000712910,SOURDOUGH BATARD,2015-08-18,7.5,2.0,3.75,,,1
90,00000000712910,SOURDOUGH BATARD,2015-08-19,11.25,3.0,3.75,,,1
90,00000000712910,SOURDOUGH BATARD,2015-08-21,22.5,6.0,3.75,,,1
90,00000000712910,SOURDOUGH BATARD,2015-08-22,15.0,4.0,3.75,,,1
90,00000000712910,SOURDOUGH BATARD,2015-08-23,26.25,7.0,3.75,,,1
90,00000000712910,SOURDOUGH BATARD,2015-08-24,18.75,5.0,3.75,,,1
90,00000000712910,SOURDOUGH BATARD,2015-08-25,18.75,5.0,3.75,,,1
90,00000000712910,SOURDOUGH BATARD,2015-08-26,15.0,4.0,3.75,,,1
90,00000000712910,SOURDOUGH BATARD,2015-08-27,3.75,1.0,3.75,,,1
90,00000000712910,SOURDOUGH BATARD,2015-08-28,7.5,2.0,3.75,,,1
90,00000000712910,SOURDOUGH BATARD,2015-08-29,11.25,3.0,3.75,,,1
90,00000000712910,SOURDOUGH BATARD,2015-08-30,18.75,5.0,3.75,,,1
90,00000000712910,SOURDOUGH BATARD,2015-08-31,18.75,5.0,3.75,,,1
90,00000000712910,SOURDOUGH BATARD,2015-09-01,7.5,2.0,3.75,,,1
90,00000000712910,SOURDOUGH BATARD,2015-09-02,22.5,6.0,3.75,,,1
90,00000000712910,SOURDOUGH BATARD,2015-09-03,11.25,3.0,3.75,,,1
90,00000000712910,SOURDOUGH BATARD,2015-09-04,15.0,4.0,3.75,,,1
90,00000000712910,SOURDOUGH BATARD,2015-09-05,15.0,4.0,3.75,,,1
90,00000000712910,SOURDOUGH BATARD,2015-09-06,26.25,7.0,3.75,,,1
90,00000000712910,SOURDOUGH BATARD,2015-09-07,22.5,6.0,3.75,,,1
90,00000000712910,SOURDOUGH BATARD,2015-09-08,22.5,6.0,3.75,,,1
90,00000000712910,SOURDOUGH BATARD,2015-09-09,18.75,5.0,3.75,,,1
90,00000000712910,SOURDOUGH BATARD,2015-09-10,15.0,4.0,3.75,,,1
90,00000000712910,SOURDOUGH BATARD,2015-09-11,11.25,3.0,3.75,,,1
90,00000000712910,SOURDOUGH BATARD,2015-09-12,11.25,3.0,3.75,,,1
90,00000000712910,SOURDOUGH BATARD,2015-09-13,26.25,7.0,3.75,,,1
90,00000000712910,SOURDOUGH BATARD,2015-09-14,22.5,6.0,3.75,,,1
90,00000000712910,SOURDOUGH BATARD,2015-09-15,15.0,4.0,3.75,,,1
90,00000000712910,SOURDOUGH BATARD,2015-09-16,11.25,3.0,3.75,,,1
90,00000000712910,SOURDOUGH BATARD,2015-09-17,11.25,3.0,3.75,,,1
90,00000000712910,SOURDOUGH BATARD,2015-09-18,15.0,4.0,3.75,,,1
90,00000000712910,SOURDOUGH BATARD,2015-09-19,18.75,5.0,3.75,,,1
90,00000000712910,SOURDOUGH BATARD,2015-09-20,26.25,7.0,3.75,,,1
90,00000000712910,SOURDOUGH BATARD,2015-09-21,22.5,6.0,3.75,,,1
90,00000000712910,SOURDOUGH BATARD,2015-09-22,15.0,4.0,3.75,,,1
90,00000000712910,SOURDOUGH BATARD,2015-09-23,11.25,3.0,3.75,,,1
90,00000000712910,SOURDOUGH BATARD,2015-09-24,22.5,6.0,3.75,,,1
90,00000000712910,SOURDOUGH BATARD,2015-09-25,7.5,2.0,3.75,,,1
90,00000000712910,SOURDOUGH BATARD,2015-09-26,18.75,5.0,3.75,,,1
90,00000000712910,SOURDOUGH BATARD,2015-09-27,18.75,5.0,3.75,,,1
90,00000000712910,SOURDOUGH BATARD,2015-09-28,18.75,5.0,3.75,,,1
90,00000000712910,SOURDOUGH BATARD,2015-09-29,30.0,8.0,3.75,,,1
90,00000000712910,SOURDOUGH BATARD,2015-09-30,18.75,5.0,3.75,,,1
90,00000000712910,SOURDOUGH BATARD,2015-10-01,18.75,5.0,3.75,,,1
90,00000000712910,SOURDOUGH BATARD,2015-10-02,26.25,7.0,3.75,,,1
90,00000000712910,SOURDOUGH BATARD,2015-10-03,7.5,2.0,3.75,,,1
90,00000000712910,SOURDOUGH BATARD,2015-10-04,11.25,3.0,3.75,,,1
90,00000000712910,SOURDOUGH BATARD,2015-10-05,7.5,2.0,3.75,,,1
90,00000000712910,SOURDOUGH BATARD,2015-10-06,7.5,2.0,3.75,,,1
90,00000000712910,SOURDOUGH BATARD,2015-10-07,11.25,3.0,3.75,,,1
90,00000000712910,SOURDOUGH BATARD,2015-10-08,3.75,1.0,3.75,,,1
90,00000000712910,SOURDOUGH BATARD,2015-10-09,11.25,3.0,3.75,,,1
90,00000000712910,SOURDOUGH BATARD,2015-10-10,41.25,11.0,3.75,,,1
90,00000000712910,SOURDOUGH BATARD,2015-10-11,33.75,9.0,3.75,,,1
90,00000000712910,SOURDOUGH BATARD,2015-10-12,7.5,2.0,3.75,,,1
90,00000000712910,SOURDOUGH BATARD,2015-10-13,7.5,2.0,3.75,,,1
90,00000000712910,SOURDOUGH BATARD,2015-10-14,30.0,8.0,3.75,,,1
90,00000000712910,SOURDOUGH BATARD,2015-10-15,15.0,4.0,3.75,,,1
90,00000000712910,SOURDOUGH BATARD,2015-10-16,33.75,9.0,3.75,,,1
90,00000000712910,SOURDOUGH BATARD,2015-10-17,26.25,7.0,3.75,,,1
90,00000000712910,SOURDOUGH BATARD,2015-10-18,26.25,7.0,3.75,,,1
90,00000000712910,SOURDOUGH BATARD,2015-10-19,15.0,4.0,3.75,,,1
90,00000000712910,SOURDOUGH BATARD,2015-10-20,7.5,2.0,3.75,,,1
90,00000000712910,SOURDOUGH BATARD,2015-10-21,11.25,3.0,3.75,,,1
90,00000000712910,SOURDOUGH BATARD,2015-10-22,3.75,1.0,3.75,,,1
90,00000000712910,SOURDOUGH BATARD,2015-10-23,15.0,4.0,3.75,,,1
90,00000000712910,SOURDOUGH BATARD,2015-10-24,30.0,8.0,3.75,,,1
90,00000000712910,SOURDOUGH BATARD,2015-10-25,18.75,5.0,3.75,,,1
90,00000000712910,SOURDOUGH BATARD,2015-10-26,7.5,2.0,3.75,,,1
90,00000000712910,SOURDOUGH BATARD,2015-10-27,18.75,5.0,3.75,,,1
90,00000000712910,SOURDOUGH BATARD,2015-10-28,15.0,4.0,3.75,,,1
90,00000000712910,SOURDOUGH BATARD,2015-10-29,15.0,4.0,3.75,,,1
90,00000000712910,SOURDOUGH BATARD,2015-10-30,26.25,7.0,3.75,,,1
90,00000000712910,SOURDOUGH BATARD,2015-10-31,18.75,5.0,3.75,,,1
90,00000000712910,SOURDOUGH BATARD,2015-11-01,37.5,10.0,3.75,,,1
90,00000000712910,SOURDOUGH BATARD,2015-11-02,7.5,2.0,3.75,,,1
90,00000000712910,SOURDOUGH BATARD,2015-11-03,7.5,2.0,3.75,,,1
90,00000000712910,SOURDOUGH BATARD,2015-11-04,15.0,4.0,3.75,,,1
90,00000000712910,SOURDOUGH BATARD,2015-11-05,22.5,6.0,3.75,,,1
90,00000000712910,SOURDOUGH BATARD,2015-11-06,11.25,3.0,3.75,,,1
90,00000000712910,SOURDOUGH BATARD,2015-11-07,48.75,13.0,3.75,,,1
90,00000000712910,SOURDOUGH BATARD,2015-11-08,37.5,10.0,3.75,,,1
90,00000000712910,SOURDOUGH BATARD,2015-11-09,15.0,4.0,3.75,,,1
90,00000000712910,SOURDOUGH BATARD,2015-11-11,7.5,2.0,3.75,,,1
90,00000000712910,SOURDOUGH BATARD,2015-11-14,30.0,8.0,3.75,,,1
90,00000000712910,SOURDOUGH BATARD,2015-11-15,37.5,10.0,3.75,,,1
90,00000000712910,SOURDOUGH BATARD,2015-11-16,15.0,4.0,3.75,,,1
90,00000000712910,SOURDOUGH BATARD,2015-11-17,15.0,4.0,3.75,,,1
90,00000000712910,SOURDOUGH BATARD,2015-11-18,11.25,3.0,3.75,,,1
90,00000000712910,SOURDOUGH BATARD,2015-11-19,18.75,5.0,3.75,,,1
90,00000000712910,SOURDOUGH BATARD,2015-11-20,15.0,4.0,3.75,,,1
90,00000000712910,SOURDOUGH BATARD,2015-11-21,52.5,14.0,3.75,,,1
90,00000000712910,SOURDOUGH BATARD,2015-11-22,52.5,14.0,3.75,,,1
90,00000000712910,SOURDOUGH BATARD,2015-11-23,37.5,10.0,3.75,,,1
90,00000000712910,SOURDOUGH BATARD,2015-11-24,75.0,20.0,3.75,,,1
90,00000000712910,SOURDOUGH BATARD,2015-11-25,101.25,27.0,3.75,,,1
90,00000000712910,SOURDOUGH BATARD,2015-11-27,15.0,4.0,3.75,,,1
90,00000000712910,SOURDOUGH BATARD,2015-11-28,26.25,7.0,3.75,,,1
90,00000000712910,SOURDOUGH BATARD,2015-11-29,45.0,12.0,3.75,,,1
90,00000000712910,SOURDOUGH BATARD,2015-11-30,22.5,6.0,3.75,,,1
90,00000000712910,SOURDOUGH BATARD,2015-12-01,26.25,7.0,3.75,,,1
90,00000000712910,SOURDOUGH BATARD,2015-12-02,26.25,7.0,3.75,,,1
90,00000000712910,SOURDOUGH BATARD,2015-12-03,26.25,7.0,3.75,,,1
90,00000000712910,SOURDOUGH BATARD,2015-12-04,30.0,8.0,3.75,,,1
90,00000000712910,SOURDOUGH BATARD,2015-12-06,26.25,7.0,3.75,,,1
90,00000000712910,SOURDOUGH BATARD,2015-12-07,7.5,2.0,3.75,,,1
90,00000000712910,SOURDOUGH BATARD,2015-12-08,15.0,4.0,3.75,,,1
90,00000000712910,SOURDOUGH BATARD,2015-12-09,11.25,3.0,3.75,,,1
90,00000000712910,SOURDOUGH BATARD,2015-12-10,33.75,9.0,3.75,,,1
90,00000000712910,SOURDOUGH BATARD,2015-12-11,22.5,6.0,3.75,,,1
90,00000000712910,SOURDOUGH BATARD,2015-12-12,52.5,14.0,3.75,,,1
90,00000000712910,SOURDOUGH BATARD,2015-12-13,33.75,9.0,3.75,,,1
90,00000000712910,SOURDOUGH BATARD,2015-12-14,22.5,6.0,3.75,,,1
90,00000000712910,SOURDOUGH BATARD,2015-12-15,26.25,7.0,3.75,,,1
90,00000000712910,SOURDOUGH BATARD,2015-12-16,11.25,3.0,3.75,,,1
90,00000000712910,SOURDOUGH BATARD,2015-12-17,26.25,7.0,3.75,,,1
90,00000000712910,SOURDOUGH BATARD,2015-12-18,22.5,6.0,3.75,,,1
90,00000000712910,SOURDOUGH BATARD,2015-12-19,52.5,14.0,3.75,,,1
90,00000000712910,SOURDOUGH BATARD,2015-12-20,56.25,15.0,3.75,,,1
90,00000000712910,SOURDOUGH BATARD,2015-12-21,22.5,6.0,3.75,,,1
90,00000000712910,SOURDOUGH BATARD,2015-12-22,22.5,6.0,3.75,,,1
90,00000000712910,SOURDOUGH BATARD,2015-12-23,123.75,33.0,3.75,,,1
90,00000000712910,SOURDOUGH BATARD,2015-12-24,281.25,75.0,3.75,,,1
90,00000000712910,SOURDOUGH BATARD,2015-12-26,52.5,14.0,3.75,,,1
90,00000000712910,SOURDOUGH BATARD,2015-12-27,22.5,6.0,3.75,,,1
90,00000000712910,SOURDOUGH BATARD,2015-12-28,11.25,3.0,3.75,,,1
90,00000000712910,SOURDOUGH BATARD,2015-12-29,18.75,5.0,3.75,,,1
90,00000000712910,SOURDOUGH BATARD,2015-12-30,18.75,5.0,3.75,,,1
90,00000000712910,SOURDOUGH BATARD,2015-12-31,67.5,18.0,3.75,,,1
90,00000000712910,SOURDOUGH BATARD,2016-01-02,45.0,12.0,3.75,,,1
90,00000000712910,SOURDOUGH BATARD,2016-01-03,15.0,4.0,3.75,,,1
90,00000000712910,SOURDOUGH BATARD,2016-01-04,3.75,1.0,3.75,,,1
90,00000000712910,SOURDOUGH BATARD,2016-01-05,11.25,3.0,3.75,,,1
90,00000000712910,SOURDOUGH BATARD,2016-01-06,18.75,5.0,3.75,,,1
90,00000000712910,SOURDOUGH BATARD,2016-01-07,22.5,6.0,3.75,,,1
90,00000000712910,SOURDOUGH BATARD,2016-01-08,26.25,7.0,3.75,,,1
90,00000000712910,SOURDOUGH BATARD,2016-01-09,15.0,4.0,3.75,,,1
90,00000000712910,SOURDOUGH BATARD,2016-01-10,26.25,7.0,3.75,,,1
90,00000000712910,SOURDOUGH BATARD,2016-01-11,26.25,7.0,3.75,,,1
90,00000000712910,SOURDOUGH BATARD,2016-01-12,15.0,4.0,3.75,,,1
90,00000000712910,SOURDOUGH BATARD,2016-01-13,11.25,3.0,3.75,,,1
90,00000000712910,SOURDOUGH BATARD,2016-01-14,22.5,6.0,3.75,,,1
90,00000000712910,SOURDOUGH BATARD,2016-01-15,11.25,3.0,3.75,,,1
90,00000000712910,SOURDOUGH BATARD,2016-01-16,33.75,9.0,3.75,,,1
90,00000000712910,SOURDOUGH BATARD,2016-01-17,30.0,8.0,3.75,,,1
90,00000000712910,SOURDOUGH BATARD,2016-01-18,11.25,3.0,3.75,,,1
90,00000000712910,SOURDOUGH BATARD,2016-01-19,11.25,3.0,3.75,,,1
90,00000000712910,SOURDOUGH BATARD,2016-01-20,22.5,6.0,3.75,,,1
90,00000000712910,SOURDOUGH BATARD,2016-01-21,18.75,5.0,3.75,,,1
90,00000000712910,SOURDOUGH BATARD,2016-01-22,18.75,5.0,3.75,,,1
90,00000000712910,SOURDOUGH BATARD,2016-01-23,37.5,10.0,3.75,,,1
90,00000000712910,SOURDOUGH BATARD,2016-01-24,26.25,7.0,3.75,,,1
90,00000000712910,SOURDOUGH BATARD,2016-01-25,15.0,4.0,3.75,,,1
90,00000000712910,SOURDOUGH BATARD,2016-01-26,11.25,3.0,3.75,,,1
90,00000000712910,SOURDOUGH BATARD,2016-01-27,18.75,5.0,3.75,,,1
90,00000000712910,SOURDOUGH BATARD,2016-01-28,11.25,3.0,3.75,,,1
90,00000000712910,SOURDOUGH BATARD,2016-01-29,11.25,3.0,3.75,,,1
90,00000000712910,SOURDOUGH BATARD,2016-01-30,45.0,12.0,3.75,,,1
90,00000000712910,SOURDOUGH BATARD,2016-01-31,26.25,7.0,3.75,,,1
90,00000000712910,SOURDOUGH BATARD,2016-02-01,15.0,4.0,3.75,,,1
90,00000000712910,SOURDOUGH BATARD,2016-02-02,18.75,5.0,3.75,,,1
90,00000000712910,SOURDOUGH BATARD,2016-02-03,3.75,1.0,3.75,,,1
90,00000000712910,SOURDOUGH BATARD,2016-02-04,30.0,8.0,3.75,,,1
90,00000000712910,SOURDOUGH BATARD,2016-02-05,15.0,4.0,3.75,,,1
90,00000000712910,SOURDOUGH BATARD,2016-02-06,26.25,7.0,3.75,,,1
90,00000000712910,SOURDOUGH BATARD,2016-02-07,22.5,6.0,3.75,,,1
90,00000000712910,SOURDOUGH BATARD,2016-02-08,22.5,6.0,3.75,,,1
90,00000000712910,SOURDOUGH BATARD,2016-02-09,3.75,1.0,3.75,,,1
90,00000000712910,SOURDOUGH BATARD,2016-02-10,11.25,3.0,3.75,,,1
90,00000000712910,SOURDOUGH BATARD,2016-02-11,11.25,3.0,3.75,,,1
90,00000000712910,SOURDOUGH BATARD,2016-02-12,15.0,4.0,3.75,,,1
90,00000000712910,SOURDOUGH BATARD,2016-02-13,26.25,7.0,3.75,,,1
90,00000000712910,SOURDOUGH BATARD,2016-02-14,22.5,6.0,3.75,,,1
90,00000000712910,SOURDOUGH BATARD,2016-02-15,26.25,7.0,3.75,,,1
90,00000000712910,SOURDOUGH BATARD,2016-02-16,22.5,6.0,3.75,,,1
90,00000000712910,SOURDOUGH BATARD,2016-02-17,15.0,4.0,3.75,,,1
90,00000000712910,SOURDOUGH BATARD,2016-02-18,18.75,5.0,3.75,,,1
90,00000000712910,SOURDOUGH BATARD,2016-02-19,22.5,6.0,3.75,,,1
90,00000000712910,SOURDOUGH BATARD,2016-02-20,33.75,9.0,3.75,,,1
90,00000000712910,SOURDOUGH BATARD,2016-02-21,26.25,7.0,3.75,,,1
90,00000000712910,SOURDOUGH BATARD,2016-02-22,7.5,2.0,3.75,,,1
90,00000000712910,SOURDOUGH BATARD,2016-02-23,15.0,4.0,3.75,,,1
90,00000000712910,SOURDOUGH BATARD,2016-02-24,22.5,6.0,3.75,,,1
90,00000000712910,SOURDOUGH BATARD,2016-02-25,7.5,2.0,3.75,,,1
90,00000000712910,SOURDOUGH BATARD,2016-02-26,22.5,6.0,3.75,,,1
90,00000000712910,SOURDOUGH BATARD,2016-02-27,37.5,10.0,3.75,,,1
90,00000000712910,SOURDOUGH BATARD,2016-02-28,33.75,9.0,3.75,,,1
90,00000000712910,SOURDOUGH BATARD,2016-02-29,26.25,7.0,3.75,,,1
90,00000000712910,SOURDOUGH BATARD,2016-03-01,11.25,3.0,3.75,,,1
90,00000000712910,SOURDOUGH BATARD,2016-03-02,18.75,5.0,3.75,,,1
90,00000000712910,SOURDOUGH BATARD,2016-03-03,22.5,6.0,3.75,,,1
90,00000000712910,SOURDOUGH BATARD,2016-03-04,18.75,5.0,3.75,,,1
90,00000000712910,SOURDOUGH BATARD,2016-03-05,48.75,13.0,3.75,,,1
90,00000000712910,SOURDOUGH BATARD,2016-03-06,26.25,7.0,3.75,,,1
90,00000000712910,SOURDOUGH BATARD,2016-03-07,26.25,7.0,3.75,,,1
90,00000000712910,SOURDOUGH BATARD,2016-03-08,26.25,7.0,3.75,,,1
90,00000000712910,SOURDOUGH BATARD,2016-03-09,22.5,6.0,3.75,,,1
90,00000000712910,SOURDOUGH BATARD,2016-03-10,18.75,5.0,3.75,,,1
90,00000000712910,SOURDOUGH BATARD,2016-03-11,26.25,7.0,3.75,,,1
90,00000000712910,SOURDOUGH BATARD,2016-03-12,37.5,10.0,3.75,,,1
90,00000000712910,SOURDOUGH BATARD,2016-03-13,26.25,7.0,3.75,,,1
90,00000000712910,SOURDOUGH BATARD,2016-03-14,15.0,4.0,3.75,,,1
90,00000000712910,SOURDOUGH BATARD,2016-03-15,22.5,6.0,3.75,,,1
90,00000000712910,SOURDOUGH BATARD,2016-03-16,11.25,3.0,3.75,,,1
90,00000000712910,SOURDOUGH BATARD,2016-03-17,37.5,10.0,3.75,,,1
90,00000000712910,SOURDOUGH BATARD,2016-03-18,18.75,5.0,3.75,,,1
90,00000000712910,SOURDOUGH BATARD,2016-03-19,22.5,6.0,3.75,,,1
90,00000000712910,SOURDOUGH BATARD,2016-03-20,48.75,13.0,3.75,,,1
90,00000000712910,SOURDOUGH BATARD,2016-03-21,26.25,7.0,3.75,,,1
90,00000000712910,SOURDOUGH BATARD,2016-03-22,15.0,4.0,3.75,,,1
90,00000000712910,SOURDOUGH BATARD,2016-03-23,11.25,3.0,3.75,,,1
90,00000000712910,SOURDOUGH BATARD,2016-03-24,15.0,4.0,3.75,,,1
90,00000000712910,SOURDOUGH BATARD,2016-03-25,30.0,8.0,3.75,,,1
90,00000000712910,SOURDOUGH BATARD,2016-03-26,60.0,16.0,3.75,,,1
90,00000000712910,SOURDOUGH BATARD,2016-03-27,15.0,4.0,3.75,,,1
90,00000000712910,SOURDOUGH BATARD,2016-03-28,7.5,2.0,3.75,,,1
90,00000000712910,SOURDOUGH BATARD,2016-03-29,11.25,3.0,3.75,,,1
90,00000000712910,SOURDOUGH BATARD,2016-03-30,11.25,3.0,3.75,,,1
90,00000000712910,SOURDOUGH BATARD,2016-03-31,18.75,5.0,3.75,,,1
90,00000000712910,SOURDOUGH BATARD,2016-04-01,15.0,4.0,3.75,,,1
90,00000000712910,SOURDOUGH BATARD,2016-04-02,26.25,7.0,3.75,,,1
90,00000000712910,SOURDOUGH BATARD,2016-04-03,41.25,11.0,3.75,,,1
90,00000000712910,SOURDOUGH BATARD,2016-04-04,15.0,4.0,3.75,,,1
90,00000000712910,SOURDOUGH BATARD,2016-04-05,22.5,6.0,3.75,,,1
90,00000000712910,SOURDOUGH BATARD,2016-04-06,22.5,6.0,3.75,,,1
90,00000000712910,SOURDOUGH BATARD,2016-04-07,18.75,5.0,3.75,,,1
90,00000000712910,SOURDOUGH BATARD,2016-04-08,18.75,5.0,3.75,,,1
90,00000000712910,SOURDOUGH BATARD,2016-04-09,22.5,6.0,3.75,,,1
90,00000000712910,SOURDOUGH BATARD,2016-04-10,30.0,8.0,3.75,,,1
90,00000000712910,SOURDOUGH BATARD,2016-04-11,18.75,5.0,3.75,,,1
90,00000000712910,SOURDOUGH BATARD,2016-04-12,18.75,5.0,3.75,,,1
90,00000000712910,SOURDOUGH BATARD,2016-04-13,7.5,2.0,3.75,,,1
90,00000000712910,SOURDOUGH BATARD,2016-04-14,18.75,5.0,3.75,,,1
90,00000000712910,SOURDOUGH BATARD,2016-04-15,22.5,6.0,3.75,,,1
90,00000000712910,SOURDOUGH BATARD,2016-04-16,22.5,6.0,3.75,,,1
90,00000000712910,SOURDOUGH BATARD,2016-04-17,33.75,9.0,3.75,,,1
90,00000000712910,SOURDOUGH BATARD,2016-04-18,11.25,3.0,3.75,,,1
90,00000000712910,SOURDOUGH BATARD,2016-04-19,18.75,5.0,3.75,,,1
90,00000000712910,SOURDOUGH BATARD,2016-04-20,22.5,5.0,4.5,,,1
90,00000000712910,SOURDOUGH BATARD,2016-04-21,27.0,6.0,4.5,,,1
90,00000000712910,SOURDOUGH BATARD,2016-04-22,13.5,3.0,4.5,,,1
90,00000000712910,SOURDOUGH BATARD,2016-04-23,49.5,11.0,4.5,,,1
