DRG_90_00000000712910.csv
store_id,upc_code,item_name,date,amount,quantity,unit_price,category,size,msu
90,00000000712910,SOURDOUGH BATARD,2017-12-07,22.5,5.0,4.5,,,1
90,00000000712910,SOURDOUGH BATARD,2017-12-08,27.0,6.0,4.5,,,1
90,00000000712910,SOURDOUGH BATARD,2017-12-09,27.0,6.0,4.5,,,1
90,00000000712910,SOURDOUGH BATARD,2017-12-10,36.0,8.0,4.5,,,1
90,00000000712910,SOURDOUGH BATARD,2017-12-11,22.5,5.0,4.5,,,1
90,00000000712910,SOURDOUGH BATARD,2017-12-12,58.5,13.0,4.5,,,1
90,00000000712910,SOURDOUGH BATARD,2017-12-13,22.5,5.0,4.5,,,1
90,00000000712910,SOURDOUGH BATARD,2017-12-14,27.0,6.0,4.5,,,1
90,00000000712910,SOURDOUGH BATARD,2017-12-15,36.0,8.0,4.5,,,1
90,00000000712910,SOURDOUGH BATARD,2017-12-16,36.0,8.0,4.5,,,1
90,00000000712910,SOURDOUGH BATARD,2017-12-17,36.0,8.0,4.5,,,1
90,00000000712910,SOURDOUGH BATARD,2017-12-18,49.5,11.0,4.5,,,1
90,00000000712910,SOURDOUGH BATARD,2017-12-19,36.0,8.0,4.5,,,1
90,00000000712910,SOURDOUGH BATARD,2017-12-20,18.0,4.0,4.5,,,1
90,00000000712910,SOURDOUGH BATARD,2017-12-21,40.5,9.0,4.5,,,1
90,00000000712910,SOURDOUGH BATARD,2017-12-22,67.5,15.0,4.5,,,1
90,00000000712910,SOURDOUGH BATARD,2017-12-23,180.0,40.0,4.5,,,1
90,00000000712910,SOURDOUGH BATARD,2017-12-24,229.5,51.0,4.5,,,1
90,00000000712910,SOURDOUGH BATARD,2017-12-26,40.5,9.0,4.5,,,1
90,00000000712910,SOURDOUGH BATARD,2017-12-27,49.5,11.0,4.5,,,1
90,00000000712910,SOURDOUGH BATARD,2017-12-28,54.0,12.0,4.5,,,1
90,00000000712910,SOURDOUGH BATARD,2017-12-29,36.0,8.0,4.5,,,1
90,00000000712910,SOURDOUGH BATARD,2017-12-30,67.5,15.0,4.5,,,1
90,00000000712910,SOURDOUGH BATARD,2017-12-31,99.0,22.0,4.5,,,1
90,00000000712910,SOURDOUGH BATARD,2018-01-02,18.0,4.0,4.5,,,1
90,00000000712910,SOURDOUGH BATARD,2018-01-03,13.5,3.0,4.5,,,1
90,00000000712910,SOURDOUGH BATARD,2018-01-04,18.0,4.0,4.5,,,1
90,00000000712910,SOURDOUGH BATARD,2018-01-05,4.5,1.0,4.5,,,1
90,00000000712910,SOURDOUGH BATARD,2018-01-06,49.5,11.0,4.5,,,1
90,00000000712910,SOURDOUGH BATARD,2018-01-07,31.5,7.0,4.5,,,1
90,00000000712910,SOURDOUGH BATARD,2018-01-08,27.0,6.0,4.5,,,1
90,00000000712910,SOURDOUGH BATARD,2018-01-09,9.0,2.0,4.5,,,1
90,00000000712910,SOURDOUGH BATARD,2018-01-10,27.0,6.0,4.5,,,1
90,00000000712910,SOURDOUGH BATARD,2018-01-11,22.5,5.0,4.5,,,1
90,00000000712910,SOURDOUGH BATARD,2018-01-12,31.5,7.0,4.5,,,1
90,00000000712910,SOURDOUGH BATARD,2018-01-13,36.0,8.0,4.5,,,1
90,00000000712910,SOURDOUGH BATARD,2018-01-14,31.5,7.0,4.5,,,1
90,00000000712910,SOURDOUGH BATARD,2018-01-15,27.0,6.0,4.5,,,1
90,00000000712910,SOURDOUGH BATARD,2018-01-16,9.0,2.0,4.5,,,1
90,00000000712910,SOURDOUGH BATARD,2018-01-17,18.0,4.0,4.5,,,1
90,00000000712910,SOURDOUGH BATARD,2018-01-18,13.5,3.0,4.5,,,1
90,00000000712910,SOURDOUGH BATARD,2018-01-19,36.0,8.0,4.5,,,1
90,00000000712910,SOURDOUGH BATARD,2018-01-20,36.0,8.0,4.5,,,1
90,00000000712910,SOURDOUGH BATARD,2018-01-21,27.0,6.0,4.5,,,1
90,00000000712910,SOURDOUGH BATARD,2018-01-22,31.5,7.0,4.5,,,1
90,00000000712910,SOURDOUGH BATARD,2018-01-23,27.0,6.0,4.5,,,1
90,00000000712910,SOURDOUGH BATARD,2018-01-24,18.0,4.0,4.5,,,1
90,00000000712910,SOURDOUGH BATARD,2018-01-25,13.5,3.0,4.5,,,1
90,00000000712910,SOURDOUGH BATARD,2018-01-26,22.5,5.0,4.5,,,1
90,00000000712910,SOURDOUGH BATARD,2018-01-27,22.5,5.0,4.5,,,1
90,00000000712910,SOURDOUGH BATARD,2018-01-28,18.0,4.0,4.5,,,1
90,00000000712910,SOURDOUGH BATARD,2018-01-29,27.0,6.0,4.5,,,1
90,00000000712910,SOURDOUGH BATARD,2018-01-30,18.0,4.0,4.5,,,1
90,00000000712910,SOURDOUGH BATARD,2018-01-31,9.0,2.0,4.5,,,1
90,00000000712910,SOURDOUGH BATARD,2018-02-01,4.5,1.0,4.5,,,1
90,00000000712910,SOURDOUGH BATARD,2018-02-02,31.5,7.0,4.5,,,1
90,00000000712910,SOURDOUGH BATARD,2018-02-03,45.0,10.0,4.5,,,1
90,00000000712910,SOURDOUGH BATARD,2018-02-04,4.5,1.0,4.5,,,1
90,00000000712910,SOURDOUGH BATARD,2018-02-05,13.5,3.0,4.5,,,1
90,00000000712910,SOURDOUGH BATARD,2018-02-06,18.0,4.0,4.5,,,1
90,00000000712910,SOURDOUGH BATARD,2018-02-07,13.5,3.0,4.5,,,1
90,00000000712910,SOURDOUGH BATARD,2018-02-08,36.0,8.0,4.5,,,1
90,00000000712910,SOURDOUGH BATARD,2018-02-09,18.0,4.0,4.5,,,1
90,00000000712910,SOURDOUGH BATARD,2018-02-10,49.5,11.0,4.5,,,1
90,00000000712910,SOURDOUGH BATARD,2018-02-11,27.0,6.0,4.5,,,1
90,00000000712910,SOURDOUGH BATARD,2018-02-12,18.0,4.0,4.5,,,1
90,00000000712910,SOURDOUGH BATARD,2018-02-13,9.0,2.0,4.5,,,1
90,00000000712910,SOURDOUGH BATARD,2018-02-14,27.0,6.0,4.5,,,1
90,00000000712910,SOURDOUGH BATARD,2018-02-15,22.5,5.0,4.5,,,1
90,00000000712910,SOURDOUGH BATARD,2018-02-16,18.0,4.0,4.5,,,1
90,00000000712910,SOURDOUGH BATARD,2018-02-17,40.5,9.0,4.5,,,1
90,00000000712910,SOURDOUGH BATARD,2018-02-18,36.0,8.0,4.5,,,1
90,00000000712910,SOURDOUGH BATARD,2018-02-19,13.5,3.0,4.5,,,1
90,00000000712910,SOURDOUGH BATARD,2018-02-20,9.0,2.0,4.5,,,1
90,00000000712910,SOURDOUGH BATARD,2018-02-21,13.5,3.0,4.5,,,1
90,00000000712910,SOURDOUGH BATARD,2018-02-22,4.5,1.0,4.5,,,1
90,00000000712910,SOURDOUGH BATARD,2018-02-23,36.0,8.0,4.5,,,1
90,00000000712910,SOURDOUGH BATARD,2018-02-24,49.5,11.0,4.5,,,1
90,00000000712910,SOURDOUGH BATARD,2018-02-25,27.0,6.0,4.5,,,1
90,00000000712910,SOURDOUGH BATARD,2018-02-26,27.0,6.0,4.5,,,1
90,00000000712910,SOURDOUGH BATARD,2018-02-27,9.0,2.0,4.5,,,1
90,00000000712910,SOURDOUGH BATARD,2018-03-01,27.0,6.0,4.5,,,1
90,00000000712910,SOURDOUGH BATARD,2018-03-02,18.0,4.0,4.5,,,1
90,00000000712910,SOURDOUGH BATARD,2018-03-03,67.5,15.0,4.5,,,1
90,00000000712910,SOURDOUGH BATARD,2018-03-04,58.5,13.0,4.5,,,1
90,00000000712910,SOURDOUGH BATARD,2018-03-05,67.5,15.0,4.5,,,1
90,00000000712910,SOURDOUGH BATARD,2018-03-06,9.0,2.0,4.5,,,1
90,00000000712910,SOURDOUGH BATARD,2018-03-07,13.5,3.0,4.5,,,1
90,00000000712910,SOURDOUGH BATARD,2018-03-08,22.5,5.0,4.5,,,1
90,00000000712910,SOURDOUGH BATARD,2018-03-09,27.0,6.0,4.5,,,1
90,00000000712910,SOURDOUGH BATARD,2018-03-10,36.0,8.0,4.5,,,1
90,00000000712910,SOURDOUGH BATARD,2018-03-11,31.5,7.0,4.5,,,1
90,00000000712910,SOURDOUGH BATARD,2018-03-12,27.0,6.0,4.5,,,1
90,00000000712910,SOURDOUGH BATARD,2018-03-13,9.0,2.0,4.5,,,1
90,00000000712910,SOURDOUGH BATARD,2018-03-14,22.5,5.0,4.5,,,1
90,00000000712910,SOURDOUGH BATARD,2018-03-15,9.0,2.0,4.5,,,1
90,00000000712910,SOURDOUGH BATARD,2018-03-16,4.5,1.0,4.5,,,1
90,00000000712910,SOURDOUGH BATARD,2018-03-17,27.0,6.0,4.5,,,1
90,00000000712910,SOURDOUGH BATARD,2018-03-18,13.5,3.0,4.5,,,1
90,00000000712910,SOURDOUGH BATARD,2018-03-19,27.0,6.0,4.5,,,1
90,00000000712910,SOURDOUGH BATARD,2018-03-20,27.0,6.0,4.5,,,1
90,00000000712910,SOURDOUGH BATARD,2018-03-21,9.0,2.0,4.5,,,1
90,00000000712910,SOURDOUGH BATARD,2018-03-22,36.0,8.0,4.5,,,1
90,00000000712910,SOURDOUGH BATARD,2018-03-23,22.5,5.0,4.5,,,1
90,00000000712910,SOURDOUGH BATARD,2018-03-24,40.5,9.0,4.5,,,1
90,00000000712910,SOURDOUGH BATARD,2018-03-25,22.5,5.0,4.5,,,1
90,00000000712910,SOURDOUGH BATARD,2018-03-26,13.5,3.0,4.5,,,1
90,00000000712910,SOURDOUGH BATARD,2018-03-27,13.5,3.0,4.5,,,1
90,00000000712910,SOURDOUGH BATARD,2018-03-28,9.0,2.0,4.5,,,1
90,00000000712910,SOURDOUGH BATARD,2018-03-29,22.5,5.0,4.5,,,1
90,00000000712910,SOURDOUGH BATARD,2018-03-30,22.5,5.0,4.5,,,1
90,00000000712910,SOURDOUGH BATARD,2018-03-31,54.0,12.0,4.5,,,1
90,00000000712910,SOURDOUGH BATARD,2018-04-01,36.0,8.0,4.5,,,1
90,00000000712910,SOURDOUGH BATARD,2018-04-03,13.5,3.0,4.5,,,1
90,00000000712910,SOURDOUGH BATARD,2018-04-04,18.0,4.0,4.5,,,1
90,00000000712910,SOURDOUGH BATARD,2018-04-05,4.5,1.0,4.5,,,1
90,00000000712910,SOURDOUGH BATARD,2018-04-06,18.0,4.0,4.5,,,1
90,00000000712910,SOURDOUGH BATARD,2018-04-07,31.5,7.0,4.5,,,1
90,00000000712910,SOURDOUGH BATARD,2018-04-08,22.5,5.0,4.5,,,1
90,00000000712910,SOURDOUGH BATARD,2018-04-09,36.0,8.0,4.5,,,1
90,00000000712910,SOURDOUGH BATARD,2018-04-10,18.0,4.0,4.5,,,1
90,00000000712910,SOURDOUGH BATARD,2018-04-11,18.0,4.0,4.5,,,1
90,00000000712910,SOURDOUGH BATARD,2018-04-12,9.0,2.0,4.5,,,1
90,00000000712910,SOURDOUGH BATARD,2018-04-13,4.5,1.0,4.5,,,1
90,00000000712910,SOURDOUGH BATARD,2018-04-14,45.0,10.0,4.5,,,1
90,00000000712910,SOURDOUGH BATARD,2018-04-15,27.0,6.0,4.5,,,1
90,00000000712910,SOURDOUGH BATARD,2018-04-16,9.0,2.0,4.5,,,1
90,00000000712910,SOURDOUGH BATARD,2018-04-17,27.0,6.0,4.5,,,1
90,00000000712910,SOURDOUGH BATARD,2018-04-18,13.5,3.0,4.5,,,1
90,00000000712910,SOURDOUGH BATARD,2018-04-19,18.0,4.0,4.5,,,1
90,00000000712910,SOURDOUGH BATARD,2018-04-20,18.0,4.0,4.5,,,1
90,00000000712910,SOURDOUGH BATARD,2018-04-21,13.5,3.0,4.5,,,1
90,00000000712910,SOURDOUGH BATARD,2018-04-22,31.5,7.0,4.5,,,1
90,00000000712910,SOURDOUGH BATARD,2018-04-23,9.0,2.0,4.5,,,1
90,00000000712910,SOURDOUGH BATARD,2018-04-24,22.5,5.0,4.5,,,1
90,00000000712910,SOURDOUGH BATARD,2018-04-25,13.5,3.0,4.5,,,1
90,00000000712910,SOURDOUGH BATARD,2018-04-26,18.0,4.0,4.5,,,1
90,00000000712910,SOURDOUGH BATARD,2018-04-27,27.0,6.0,4.5,,,1
90,00000000712910,SOURDOUGH BATARD,2018-04-28,49.5,11.0,4.5,,,1
90,00000000712910,SOURDOUGH BATARD,2018-04-29,27.0,6.0,4.5,,,1
90,00000000712910,SOURDOUGH BATARD,2018-04-30,22.5,5.0,4.5,,,1
90,00000000712910,SOURDOUGH BATARD,2018-05-01,22.5,5.0,4.5,,,1
90,00000000712910,SOURDOUGH BATARD,2018-05-02,18.0,4.0,4.5,,,1
90,00000000712910,SOURDOUGH BATARD,2018-05-03,4.5,1.0,4.5,,,1
90,00000000712910,SOURDOUGH BATARD,2018-05-04,27.0,6.0,4.5,,,1
90,00000000712910,SOURDOUGH BATARD,2018-05-05,18.0,4.0,4.5,,,1
90,00000000712910,SOURDOUGH BATARD,2018-05-06,27.0,6.0,4.5,,,1
90,00000000712910,SOURDOUGH BATARD,2018-05-07,27.0,6.0,4.5,,,1
90,00000000712910,SOURDOUGH BATARD,2018-05-08,9.0,2.0,4.5,,,1
90,00000000712910,SOURDOUGH BATARD,2018-05-09,9.0,2.0,4.5,,,1
90,00000000712910,SOURDOUGH BATARD,2018-05-10,4.5,1.0,4.5,,,1
90,00000000712910,SOURDOUGH BATARD,2018-05-11,18.0,4.0,4.5,,,1
90,00000000712910,SOURDOUGH BATARD,2018-05-12,31.5,7.0,4.5,,,1
90,00000000712910,SOURDOUGH BATARD,2018-05-13,22.5,5.0,4.5,,,1
90,00000000712910,SOURDOUGH BATARD,2018-05-14,27.0,6.0,4.5,,,1
90,00000000712910,SOURDOUGH BATARD,2018-05-15,13.5,3.0,4.5,,,1
90,00000000712910,SOURDOUGH BATARD,2018-05-16,4.5,1.0,4.5,,,1
90,00000000712910,SOURDOUGH BATARD,2018-05-17,18.0,4.0,4.5,,,1
90,00000000712910,SOURDOUGH BATARD,2018-05-18,22.5,5.0,4.5,,,1
90,00000000712910,SOURDOUGH BATARD,2018-05-19,22.5,5.0,4.5,,,1
90,00000000712910,SOURDOUGH BATARD,2018-05-20,27.0,6.0,4.5,,,1
90,00000000712910,SOURDOUGH BATARD,2018-05-21,13.5,3.0,4.5,,,1
90,00000000712910,SOURDOUGH BATARD,2018-05-22,13.5,3.0,4.5,,,1
90,00000000712910,SOURDOUGH BATARD,2018-05-23,27.0,6.0,4.5,,,1
90,00000000712910,SOURDOUGH BATARD,2018-05-24,13.5,3.0,4.5,,,1
90,00000000712910,SOURDOUGH BATARD,2018-05-25,40.5,9.0,4.5,,,1
90,00000000712910,SOURDOUGH BATARD,2018-05-26,31.5,7.0,4.5,,,1
90,00000000712910,SOURDOUGH BATARD,2018-05-27,22.5,5.0,4.5,,,1
90,00000000712910,SOURDOUGH BATARD,2018-05-28,22.5,5.0,4.5,,,1
90,00000000712910,SOURDOUGH BATARD,2018-05-29,13.5,3.0,4.5,,,1
90,00000000712910,SOURDOUGH BATARD,2018-05-30,13.5,3.0,4.5,,,1
90,00000000712910,SOURDOUGH BATARD,2018-05-31,9.0,2.0,4.5,,,1
90,00000000712910,SOURDOUGH BATARD,2018-06-01,13.5,3.0,4.5,,,1
90,00000000712910,SOURDOUGH BATARD,2018-06-02,27.0,6.0,4.5,,,1
90,00000000712910,SOURDOUGH BATARD,2018-06-03,18.0,4.0,4.5,,,1
90,00000000712910,SOURDOUGH BATARD,2018-06-04,22.5,5.0,4.5,,,1
90,00000000712910,SOURDOUGH BATARD,2018-06-05,18.0,4.0,4.5,,,1
90,00000000712910,SOURDOUGH BATARD,2018-06-06,18.0,4.0,4.5,,,1
90,00000000712910,SOURDOUGH BATARD,2018-06-07,9.0,2.0,4.5,,,1
90,00000000712910,SOURDOUGH BATARD,2018-06-08,18.0,4.0,4.5,,,1
90,00000000712910,SOURDOUGH BATARD,2018-06-09,13.5,3.0,4.5,,,1
90,00000000712910,SOURDOUGH BATARD,2018-06-10,31.5,7.0,4.5,,,1
90,00000000712910,SOURDOUGH BATARD,2018-06-11,22.5,5.0,4.5,,,1
90,00000000712910,SOURDOUGH BATARD,2018-06-12,36.0,8.0,4.5,,,1
90,00000000712910,SOURDOUGH BATARD,2018-06-13,18.0,4.0,4.5,,,1
90,00000000712910,SOURDOUGH BATARD,2018-06-14,13.5,3.0,4.5,,,1
90,00000000712910,SOURDOUGH BATARD,2018-06-15,4.5,1.0,4.5,,,1
90,00000000712910,SOURDOUGH BATARD,2018-06-16,22.5,5.0,4.5,,,1
90,00000000712910,SOURDOUGH BATARD,2018-06-17,49.5,11.0,4.5,,,1
90,00000000712910,SOURDOUGH BATARD,2018-06-18,63.0,14.0,4.5,,,1
90,00000000712910,SOURDOUGH BATARD,2018-06-19,18.0,4.0,4.5,,,1
90,00000000712910,SOURDOUGH BATARD,2018-06-20,22.5,5.0,4.5,,,1
90,00000000712910,SOURDOUGH BATARD,2018-06-21,18.0,4.0,4.5,,,1
90,00000000712910,SOURDOUGH BATARD,2018-06-22,13.5,3.0,4.5,,,1
90,00000000712910,SOURDOUGH BATARD,2018-06-23,27.0,6.0,4.5,,,1
90,00000000712910,SOURDOUGH BATARD,2018-06-24,13.5,3.0,4.5,,,1
90,00000000712910,SOURDOUGH BATARD,2018-06-25,22.5,5.0,4.5,,,1
90,00000000712910,SOURDOUGH BATARD,2018-06-26,22.5,5.0,4.5,,,1
90,00000000712910,SOURDOUGH BATARD,2018-06-27,13.5,3.0,4.5,,,1
90,00000000712910,SOURDOUGH BATARD,2018-06-28,22.5,5.0,4.5,,,1
90,00000000712910,SOURDOUGH BATARD,2018-06-29,4.5,1.0,4.5,,,1
90,00000000712910,SOURDOUGH BATARD,2018-06-30,27.0,6.0,4.5,,,1
90,00000000712910,SOURDOUGH BATARD,2018-07-01,9.0,2.0,4.5,,,1
90,00000000712910,SOURDOUGH BATARD,2018-07-02,18.0,4.0,4.5,,,1
90,00000000712910,SOURDOUGH BATARD,2018-07-03,27.0,6.0,4.5,,,1
90,00000000712910,SOURDOUGH BATARD,2018-07-04,22.5,5.0,4.5,,,1
90,00000000712910,SOURDOUGH BATARD,2018-07-05,18.0,4.0,4.5,,,1
90,00000000712910,SOURDOUGH BATARD,2018-07-06,22.5,5.0,4.5,,,1
90,00000000712910,SOURDOUGH BATARD,2018-07-07,27.0,6.0,4.5,,,1
90,00000000712910,SOURDOUGH BATARD,2018-07-08,18.0,4.0,4.5,,,1
90,00000000712910,SOURDOUGH BATARD,2018-07-09,13.5,3.0,4.5,,,1
90,00000000712910,SOURDOUGH BATARD,2018-07-10,9.0,2.0,4.5,,,1
90,00000000712910,SOURDOUGH BATARD,2018-07-11,13.5,3.0,4.5,,,1
90,00000000712910,SOURDOUGH BATARD,2018-07-12,22.5,5.0,4.5,,,1
90,00000000712910,SOURDOUGH BATARD,2018-07-13,13.5,3.0,4.5,,,1
90,00000000712910,SOURDOUGH BATARD,2018-07-14,40.5,9.0,4.5,,,1
90,00000000712910,SOURDOUGH BATARD,2018-07-15,13.5,3.0,4.5,,,1
90,00000000712910,SOURDOUGH BATARD,2018-07-16,18.0,4.0,4.5,,,1
90,00000000712910,SOURDOUGH BATARD,2018-07-17,22.5,5.0,4.5,,,1
90,00000000712910,SOURDOUGH BATARD,2018-07-18,13.5,3.0,4.5,,,1
90,00000000712910,SOURDOUGH BATARD,2018-07-19,13.5,3.0,4.5,,,1
90,00000000712910,SOURDOUGH BATARD,2018-07-20,9.0,2.0,4.5,,,1
90,00000000712910,SOURDOUGH BATARD,2018-07-21,45.0,10.0,4.5,,,1
90,00000000712910,SOURDOUGH BATARD,2018-07-22,27.0,6.0,4.5,,,1
90,00000000712910,SOURDOUGH BATARD,2018-07-23,13.5,3.0,4.5,,,1
90,00000000712910,SOURDOUGH BATARD,2018-07-24,18.0,4.0,4.5,,,1
90,00000000712910,SOURDOUGH BATARD,2018-07-26,13.5,3.0,4.5,,,1
90,00000000712910,SOURDOUGH BATARD,2018-07-27,9.0,2.0,4.5,,,1
90,00000000712910,SOURDOUGH BATARD,2018-07-28,18.0,4.0,4.5,,,1
90,00000000712910,SOURDOUGH BATARD,2018-07-29,22.5,5.0,4.5,,,1
90,00000000712910,SOURDOUGH BATARD,2018-07-30,27.0,6.0,4.5,,,1
90,00000000712910,SOURDOUGH BATARD,2018-07-31,9.0,2.0,4.5,,,1
90,00000000712910,SOURDOUGH BATARD,2018-08-01,4.5,1.0,4.5,,,1
90,00000000712910,SOURDOUGH BATARD,2018-08-02,18.0,4.0,4.5,,,1
90,00000000712910,SOURDOUGH BATARD,2018-08-03,27.0,6.0,4.5,,,1
90,00000000712910,SOURDOUGH BATARD,2018-08-04,9.0,2.0,4.5,,,1
90,00000000712910,SOURDOUGH BATARD,2018-08-05,9.0,2.0,4.5,,,1
90,00000000712910,SOURDOUGH BATARD,2018-08-06,13.5,3.0,4.5,,,1
90,00000000712910,SOURDOUGH BATARD,2018-08-07,18.0,4.0,4.5,,,1
90,00000000712910,SOURDOUGH BATARD,2018-08-08,18.0,4.0,4.5,,,1
90,00000000712910,SOURDOUGH BATARD,2018-08-09,13.5,3.0,4.5,,,1
90,00000000712910,SOURDOUGH BATARD,2018-08-10,4.5,1.0,4.5,,,1
90,00000000712910,SOURDOUGH BATARD,2018-08-11,22.5,5.0,4.5,,,1
90,00000000712910,SOURDOUGH BATARD,2018-08-12,18.0,4.0,4.5,,,1
90,00000000712910,SOURDOUGH BATARD,2018-08-13,9.0,2.0,4.5,,,1
90,00000000712910,SOURDOUGH BATARD,2018-08-14,58.5,13.0,4.5,,,1
90,00000000712910,SOURDOUGH BATARD,2018-08-15,13.5,3.0,4.5,,,1
90,00000000712910,SOURDOUGH BATARD,2018-08-16,31.5,7.0,4.5,,,1
90,00000000712910,SOURDOUGH BATARD,2018-08-17,22.5,5.0,4.5,,,1
90,00000000712910,SOURDOUGH BATARD,2018-08-18,22.5,5.0,4.5,,,1
90,00000000712910,SOURDOUGH BATARD,2018-08-19,45.0,10.0,4.5,,,1
90,00000000712910,SOURDOUGH BATARD,2018-08-20,9.0,2.0,4.5,,,1
90,00000000712910,SOURDOUGH BATARD,2018-08-21,13.5,3.0,4.5,,,1
90,00000000712910,SOURDOUGH BATARD,2018-08-22,27.0,6.0,4.5,,,1
90,00000000712910,SOURDOUGH BATARD,2018-08-23,22.5,5.0,4.5,,,1
90,00000000712910,SOURDOUGH BATARD,2018-08-24,22.5,5.0,4.5,,,1
90,00000000712910,SOURDOUGH BATARD,2018-08-25,22.5,5.0,4.5,,,1
90,00000000712910,SOURDOUGH BATARD,2018-08-26,27.0,6.0,4.5,,,1
90,00000000712910,SOURDOUGH BATARD,2018-08-27,13.5,3.0,4.5,,,1
90,00000000712910,SOURDOUGH BATARD,2018-08-28,4.5,1.0,4.5,,,1
90,00000000712910,SOURDOUGH BATARD,2018-08-29,9.9,2.0,4.95,,,1
90,00000000712910,SOURDOUGH BATARD,2018-08-30,4.95,1.0,4.95,,,1
90,00000000712910,SOURDOUGH BATARD,2018-08-31,24.75,5.0,4.95,,,1
90,00000000712910,SOURDOUGH BATARD,2018-09-01,24.75,5.0,4.95,,,1
90,00000000712910,SOURDOUGH BATARD,2018-09-02,24.75,5.0,4.95,,,1
90,00000000712910,SOURDOUGH BATARD,2018-09-03,24.75,5.0,4.95,,,1
90,00000000712910,SOURDOUGH BATARD,2018-09-04,9.9,2.0,4.95,,,1
90,00000000712910,SOURDOUGH BATARD,2018-09-05,4.95,1.0,4.95,,,1
90,00000000712910,SOURDOUGH BATARD,2018-09-06,14.85,3.0,4.95,,,1
90,00000000712910,SOURDOUGH BATARD,2018-09-07,9.9,2.0,4.95,,,1
90,00000000712910,SOURDOUGH BATARD,2018-09-08,44.55,9.0,4.95,,,1
90,00000000712910,SOURDOUGH BATARD,2018-09-09,24.75,5.0,4.95,,,1
90,00000000712910,SOURDOUGH BATARD,2018-09-10,14.85,3.0,4.95,,,1
90,00000000712910,SOURDOUGH BATARD,2018-09-11,34.65,7.0,4.95,,,1
90,00000000712910,SOURDOUGH BATARD,2018-09-12,14.85,3.0,4.95,,,1
90,00000000712910,SOURDOUGH BATARD,2018-09-13,24.75,5.0,4.95,,,1
90,00000000712910,SOURDOUGH BATARD,2018-09-14,9.9,2.0,4.95,,,1
90,00000000712910,SOURDOUGH BATARD,2018-09-15,34.65,7.0,4.95,,,1
90,00000000712910,SOURDOUGH BATARD,2018-09-16,44.55,9.0,4.95,,,1
90,00000000712910,SOURDOUGH BATARD,2018-09-17,14.85,3.0,4.95,,,1
90,00000000712910,SOURDOUGH BATARD,2018-09-18,14.85,3.0,4.95,,,1
90,00000000712910,SOURDOUGH BATARD,2018-09-19,14.85,3.0,4.95,,,1
90,00000000712910,SOURDOUGH BATARD,2018-09-20,14.85,3.0,4.95,,,1
